// Vitest Snapshot v1, https://vitest.dev/guide/snapshot.html

exports[`BookingDetailsModal > renders correctly 1`] = `""`;
