// Vitest Snapshot v1, https://vitest.dev/guide/snapshot.html

exports[`ConfirmationModal > renders correctly 1`] = `""`;
