// Vitest Snapshot v1, https://vitest.dev/guide/snapshot.html

exports[`RejectModal > renders correctly 1`] = `""`;
