// Vitest Snapshot v1, https://vitest.dev/guide/snapshot.html

exports[`dashboard > renders correctly 1`] = `
"<div>
  <div class="text-center p-10">Unauthorized</div>
</div>"
`;
