// Vitest Snapshot v1, https://vitest.dev/guide/snapshot.html

exports[`index > renders correctly 1`] = `"<div data-v-02281a80="" class="full-page"><img data-v-02281a80="" src="/pages/image/index2.jpg" alt="Background" class="background-image"></div>"`;
